LexToken(START,'S',1,0)
LexToken(NON_TERMINAL,'S',2,10)
LexToken(ARROW,'->',2,14)
LexToken(TERMINAL,'(',2,17)
LexToken(NON_TERMINAL,'S',2,21)
LexToken(TERMINAL,')',2,25)
LexToken(SEPARATOR,'|',2,29)
LexToken(TERMINAL,'(',2,31)
LexToken(NON_TERMINAL,'S',2,35)
LexToken(TERMINAL,')',2,39)
LexToken(NON_TERMINAL,'S',2,43)
LexToken(SEPARATOR,'|',2,47)
LexToken(EMPTY,'ðŸ˜µ',2,49)
LexToken(END,'ðŸ—¿',2,51)
