
-- Grammar --
Terminals: ['(', ')', '*', '+', '-', '/', '0', '1', '2', '3']
Non-terminals: ['expr', 'mult', 'term']
Start: 'expr'
Rules:
'expr' -> ['expr', '+', 'term'] | ['expr', '-', 'term'] | ['term']
'term' -> ['term', '*', 'mult'] | ['term', '/', 'mult'] | ['mult']
'mult' -> ['(', 'expr', ')'] | ['0'] | ['1'] | ['2'] | ['3']

Chomsky normal form: False
        
