
-- Grammar --
Terminals: ['(', ')']
Non-terminals: ['A', 'B', 'C', 'S', 'lb', 'rb']
Start: 'A'
Rules:
'S' -> ['lb', 'B']
'A' -> ['lb', 'B'] | ['Îµ']
'B' -> ['S', 'C'] | ['rb', 'S'] | [')']
'C' -> ['rb', 'S'] | [')']
'lb' -> ['(']
'rb' -> [')']

Chomsky normal form: True
        
