
-- Grammar --
Terminals: ['a', 'b']
Non-terminals: ['S']
Start: 'S'
Rules:
'S' -> ['a', 'S', 'a'] | ['b', 'S', 'b'] | ['a'] | ['b'] | ['Îµ']

Chomsky normal form: False
        
